// Jest Snapshot v1, https://goo.gl/fbAQLP

exports[`Styled Link should render the status pill 1`] = `
.c0 {
  display: -webkit-box;
  display: -webkit-flex;
  display: -ms-flexbox;
  display: flex;
  -webkit-align-items: center;
  -webkit-box-align: center;
  -ms-flex-align: center;
  align-items: center;
  -webkit-box-pack: center;
  -webkit-justify-content: center;
  -ms-flex-pack: center;
  justify-content: center;
  height: 24px;
  width: 120px;
  border: 1px solid #D0021B;
  border-radius: 4px;
  color: #D0021B;
  line-height: 0.75rem;
  font-size: 0.75rem;
  font-weight: 600;
  text-transform: uppercase;
}

<div
  className="c0"
>
  cancelled
</div>
`;
