// Jest Snapshot v1, https://goo.gl/fbAQLP

exports[`Address Suggestions Store can fetch data from address suggestion endpoint 1`] = `Array []`;
