// Jest Snapshot v1, https://goo.gl/fbAQLP

exports[`Modal should be able to not render modal  1`] = `null`;

exports[`Modal should render a modal  1`] = `null`;
